src/app/admin/reels-manager/page.tsx(9,55): error TS2305: Module '"lucide-react"' has no exported member 'Youtube'.
